// Jest Snapshot v1, https://goo.gl/fbAQLP

exports[`ModelsTab snapshot 1`] = `
<div
  className="row"
>
  <div
    className="col-md-6"
  >
    <div
      className="mt-2 btn-group-vertical"
      role="group"
    >
      <button
        className="btn btn-outline-success"
        disabled={false}
        type="button"
        value="carbon"
      >
        Carbon Storage and Sequestration
      </button>
      <button
        className="btn btn-outline-success"
        disabled={false}
        type="button"
        value="coastal_blue_carbon"
      >
        Coastal Blue Carbon
      </button>
      <button
        className="btn btn-outline-success"
        disabled={false}
        type="button"
        value="coastal_blue_carbon_preprocessor"
      >
        Coastal Blue Carbon: Preprocessor
      </button>
      <button
        className="btn btn-outline-success"
        disabled={false}
        type="button"
        value="coastal_vulnerability"
      >
        Coastal Vulnerability
      </button>
      <button
        className="btn btn-outline-success"
        disabled={false}
        type="button"
        value="crop_production_percentile"
      >
        Crop Production: Percentile Model
      </button>
      <button
        className="btn btn-outline-success"
        disabled={false}
        type="button"
        value="crop_production_regression"
      >
        Crop Production: Regression Model
      </button>
      <button
        className="btn btn-outline-success"
        disabled={false}
        type="button"
        value="delineateit"
      >
        DelineateIt
      </button>
      <button
        className="btn btn-outline-success"
        disabled={false}
        type="button"
        value="finfish_aquaculture"
      >
        Marine Finfish Aquaculture Production
      </button>
      <button
        className="btn btn-outline-success"
        disabled={false}
        type="button"
        value="fisheries"
      >
        Fisheries
      </button>
      <button
        className="btn btn-outline-success"
        disabled={false}
        type="button"
        value="fisheries_hst"
      >
        Fisheries: Habitat Scenario Tool
      </button>
      <button
        className="btn btn-outline-success"
        disabled={false}
        type="button"
        value="forest_carbon_edge_effect"
      >
        Forest Carbon Edge Effect
      </button>
      <button
        className="btn btn-outline-success"
        disabled={false}
        type="button"
        value="globio"
      >
        GLOBIO
      </button>
      <button
        className="btn btn-outline-success"
        disabled={false}
        type="button"
        value="habitat_quality"
      >
        Habitat Quality
      </button>
      <button
        className="btn btn-outline-success"
        disabled={false}
        type="button"
        value="habitat_risk_assessment"
      >
        Habitat Risk Assessment
      </button>
      <button
        className="btn btn-outline-success"
        disabled={false}
        type="button"
        value="hydropower_water_yield"
      >
        Annual Water Yield
      </button>
      <button
        className="btn btn-outline-success"
        disabled={false}
        type="button"
        value="ndr"
      >
        Nutrient Delivery Ratio
      </button>
      <button
        className="btn btn-outline-success"
        disabled={false}
        type="button"
        value="pollination"
      >
        Pollinator Abundance: Crop Pollination
      </button>
      <button
        className="btn btn-outline-success"
        disabled={false}
        type="button"
        value="recreation"
      >
        Visitation: Recreation and Tourism
      </button>
      <button
        className="btn btn-outline-success"
        disabled={false}
        type="button"
        value="routedem"
      >
        RouteDEM
      </button>
      <button
        className="btn btn-outline-success"
        disabled={false}
        type="button"
        value="scenario_generator_proximity"
      >
        Scenario Generator: Proximity Based
      </button>
      <button
        className="btn btn-outline-success"
        disabled={false}
        type="button"
        value="scenic_quality"
      >
        Unobstructed Views: Scenic Quality Provision
      </button>
      <button
        className="btn btn-outline-success"
        disabled={false}
        type="button"
        value="sdr"
      >
        Sediment Delivery Ratio
      </button>
      <button
        className="btn btn-outline-success"
        disabled={false}
        type="button"
        value="seasonal_water_yield"
      >
        Seasonal Water Yield
      </button>
      <button
        className="btn btn-outline-success"
        disabled={false}
        type="button"
        value="wind_energy"
      >
        Offshore Wind Energy Production
      </button>
      <button
        className="btn btn-outline-success"
        disabled={false}
        type="button"
        value="wave_energy"
      >
        Wave Energy Production
      </button>
      <button
        className="btn btn-outline-success"
        disabled={false}
        type="button"
        value="urban_flood_risk_mitigation"
      >
        Urban Flood Risk Mitigation
      </button>
    </div>
  </div>
  <div
    className="col-md-6"
  >
    <div
      className="mt-2 row"
    >
      <form
        className=""
        onSubmit={[Function]}
      >
        <input
          className="form-control"
          type="text"
        />
        <button
          className="btn btn-primary"
          disabled={false}
          onClick={[Function]}
          type="button"
        >
          Save State
        </button>
      </form>
    </div>
    <div
      className="mt-2 row"
    >
      <div>
        <form
          className=""
          onSubmit={[Function]}
        >
          <input
            className="form-control"
            onChange={[Function]}
            placeholder="Enter state name"
            type="text"
            value=""
          />
          <button
            className="btn btn-primary"
            disabled={false}
            type="submit"
          >
            Load State
          </button>
        </form>
        <div>
          Recent Sessions:
        </div>
        <div
          className="mt-2 btn-group-vertical"
          role="group"
        />
      </div>
    </div>
  </div>
</div>
`;
